Sending session request...
Session result: { thread: { id: '019d6736-5f5b-7070-a73d-ec4dd8470787' } }
Sending task request...
Task result: {
  turn: {
    id: '019d6738-f82a-7171-b0dd-fa0ec8fa6405',
    items: [],
    status: 'inProgress',
    error: null
  }
}
Stream connected 200
STREAM DATA: data: {"method":"codex/event/task_started","params":{"id":"019d6738-f82a-7171-b0dd-fa0ec8fa6405","msg":{"type":"task_started","turn_id":"019d6738-f82a-7171-b0dd-fa0ec8fa6405","model_context_window":258400,"collaboration_mode_kind":"default"},"conversationId":"019d6736-5f5b-7070-a73d-ec4dd8470787"}}


STREAM DATA: data: {"method":"thread/status/changed","params":{"threadId":"019d6736-5f5b-7070-a73d-ec4dd8470787","status":{"type":"active","activeFlags":[]}}}


STREAM DATA: data: {"method":"turn/started","params":{"threadId":"019d6736-5f5b-7070-a73d-ec4dd8470787","turn":{"id":"019d6738-f82a-7171-b0dd-fa0ec8fa6405","items":[],"status":"inProgress","error":null}}}


STREAM DATA: data: {"method":"codex/event/item_started","params":{"id":"019d6738-f82a-7171-b0dd-fa0ec8fa6405","msg":{"type":"item_started","thread_id":"019d6736-5f5b-7070-a73d-ec4dd8470787","turn_id":"019d6738-f82a-7171-b0dd-fa0ec8fa6405","item":{"type":"UserMessage","id":"3a887f26-5f7e-484e-949b-4dca8ce2e50c","content":[{"type":"text","text":"hello","text_elements":[]}]}},"conversationId":"019d6736-5f5b-7070-a73d-ec4dd8470787"}}


STREAM DATA: data: {"method":"item/started","params":{"item":{"type":"userMessage","id":"3a887f26-5f7e-484e-949b-4dca8ce2e50c","content":[{"type":"text","text":"hello","text_elements":[]}]},"threadId":"019d6736-5f5b-7070-a73d-ec4dd8470787","turnId":"019d6738-f82a-7171-b0dd-fa0ec8fa6405"}}


STREAM DATA: data: {"method":"codex/event/item_completed","params":{"id":"019d6738-f82a-7171-b0dd-fa0ec8fa6405","msg":{"type":"item_completed","thread_id":"019d6736-5f5b-7070-a73d-ec4dd8470787","turn_id":"019d6738-f82a-7171-b0dd-fa0ec8fa6405","item":{"type":"UserMessage","id":"3a887f26-5f7e-484e-949b-4dca8ce2e50c","content":[{"type":"text","text":"hello","text_elements":[]}]}},"conversationId":"019d6736-5f5b-7070-a73d-ec4dd8470787"}}


STREAM DATA: data: {"method":"item/completed","params":{"item":{"type":"userMessage","id":"3a887f26-5f7e-484e-949b-4dca8ce2e50c","content":[{"type":"text","text":"hello","text_elements":[]}]},"threadId":"019d6736-5f5b-7070-a73d-ec4dd8470787","turnId":"019d6738-f82a-7171-b0dd-fa0ec8fa6405"}}


STREAM DATA: data: {"method":"codex/event/user_message","params":{"id":"019d6738-f82a-7171-b0dd-fa0ec8fa6405","msg":{"type":"user_message","message":"hello","images":[],"local_images":[],"text_elements":[]},"conversationId":"019d6736-5f5b-7070-a73d-ec4dd8470787"}}


STREAM DATA: data: {"method":"codex/event/token_count","params":{"id":"019d6738-f82a-7171-b0dd-fa0ec8fa6405","msg":{"type":"token_count","info":{"total_token_usage":{"input_tokens":12817,"cached_input_tokens":3456,"output_tokens":81,"reasoning_output_tokens":53,"total_tokens":12898},"last_token_usage":{"input_tokens":12817,"cached_input_tokens":3456,"output_tokens":81,"reasoning_output_tokens":53,"total_tokens":12898},"model_context_window":258400},"rate_limits":{"limit_id":"codex","limit_name":null,"primary":{"used_percent":2,"window_minutes":300,"resets_at":1775569517},"secondary":{"used_percent":1,"window_minutes":10080,"resets_at":1776156317},"credits":null,"plan_type":"plus"}},"conversationId":"019d6736-5f5b-7070-a73d-ec4dd8470787"}}


STREAM DATA: data: {"method":"thread/tokenUsage/updated","params":{"threadId":"019d6736-5f5b-7070-a73d-ec4dd8470787","turnId":"019d6738-f82a-7171-b0dd-fa0ec8fa6405","tokenUsage":{"total":{"totalTokens":12898,"inputTokens":12817,"cachedInputTokens":3456,"outputTokens":81,"reasoningOutputTokens":53},"last":{"totalTokens":12898,"inputTokens":12817,"cachedInputTokens":3456,"outputTokens":81,"reasoningOutputTokens":53},"modelContextWindow":258400}}}


STREAM DATA: data: {"method":"account/rateLimits/updated","params":{"rateLimits":{"limitId":"codex","limitName":null,"primary":{"usedPercent":2,"windowDurationMins":300,"resetsAt":1775569517},"secondary":{"usedPercent":1,"windowDurationMins":10080,"resetsAt":1776156317},"credits":null,"planType":"plus"}}}


STREAM DATA: data: {"method":"codex/event/item_started","params":{"id":"019d6738-f82a-7171-b0dd-fa0ec8fa6405","msg":{"type":"item_started","thread_id":"019d6736-5f5b-7070-a73d-ec4dd8470787","turn_id":"019d6738-f82a-7171-b0dd-fa0ec8fa6405","item":{"type":"Reasoning","id":"rs_016a204f9bb311f10169d4cb016bf481918cda5cac4925ad3f","summary_text":[],"raw_content":[]}},"conversationId":"019d6736-5f5b-7070-a73d-ec4dd8470787"}}


STREAM DATA: data: {"method":"item/started","params":{"item":{"type":"reasoning","id":"rs_016a204f9bb311f10169d4cb016bf481918cda5cac4925ad3f","summary":[],"content":[]},"threadId":"019d6736-5f5b-7070-a73d-ec4dd8470787","turnId":"019d6738-f82a-7171-b0dd-fa0ec8fa6405"}}


STREAM DATA: data: {"method":"codex/event/item_completed","params":{"id":"019d6738-f82a-7171-b0dd-fa0ec8fa6405","msg":{"type":"item_completed","thread_id":"019d6736-5f5b-7070-a73d-ec4dd8470787","turn_id":"019d6738-f82a-7171-b0dd-fa0ec8fa6405","item":{"type":"Reasoning","id":"rs_016a204f9bb311f10169d4cb016bf481918cda5cac4925ad3f","summary_text":[],"raw_content":[]}},"conversationId":"019d6736-5f5b-7070-a73d-ec4dd8470787"}}


STREAM DATA: data: {"method":"item/completed","params":{"item":{"type":"reasoning","id":"rs_016a204f9bb311f10169d4cb016bf481918cda5cac4925ad3f","summary":[],"content":[]},"threadId":"019d6736-5f5b-7070-a73d-ec4dd8470787","turnId":"019d6738-f82a-7171-b0dd-fa0ec8fa6405"}}


STREAM DATA: data: {"method":"codex/event/item_started","params":{"id":"019d6738-f82a-7171-b0dd-fa0ec8fa6405","msg":{"type":"item_started","thread_id":"019d6736-5f5b-7070-a73d-ec4dd8470787","turn_id":"019d6738-f82a-7171-b0dd-fa0ec8fa6405","item":{"type":"AgentMessage","id":"msg_016a204f9bb311f10169d4cb01cb0c8191a0f1e334dcfc53b9","content":[{"type":"Text","text":""}],"phase":"final_answer"}},"conversationId":"019d6736-5f5b-7070-a73d-ec4dd8470787"}}


STREAM DATA: data: {"method":"item/started","params":{"item":{"type":"agentMessage","id":"msg_016a204f9bb311f10169d4cb01cb0c8191a0f1e334dcfc53b9","text":"","phase":"final_answer"},"threadId":"019d6736-5f5b-7070-a73d-ec4dd8470787","turnId":"019d6738-f82a-7171-b0dd-fa0ec8fa6405"}}


STREAM DATA: data: {"method":"codex/event/agent_message_content_delta","params":{"id":"019d6738-f82a-7171-b0dd-fa0ec8fa6405","msg":{"type":"agent_message_content_delta","thread_id":"019d6736-5f5b-7070-a73d-ec4dd8470787","turn_id":"019d6738-f82a-7171-b0dd-fa0ec8fa6405","item_id":"msg_016a204f9bb311f10169d4cb01cb0c8191a0f1e334dcfc53b9","delta":"Hello"},"conversationId":"019d6736-5f5b-7070-a73d-ec4dd8470787"}}


STREAM DATA: data: {"method":"item/agentMessage/delta","params":{"threadId":"019d6736-5f5b-7070-a73d-ec4dd8470787","turnId":"019d6738-f82a-7171-b0dd-fa0ec8fa6405","itemId":"msg_016a204f9bb311f10169d4cb01cb0c8191a0f1e334dcfc53b9","delta":"Hello"}}


STREAM DATA: data: {"method":"codex/event/agent_message_delta","params":{"id":"019d6738-f82a-7171-b0dd-fa0ec8fa6405","msg":{"type":"agent_message_delta","delta":"Hello"},"conversationId":"019d6736-5f5b-7070-a73d-ec4dd8470787"}}


STREAM DATA: data: {"method":"codex/event/agent_message_content_delta","params":{"id":"019d6738-f82a-7171-b0dd-fa0ec8fa6405","msg":{"type":"agent_message_content_delta","thread_id":"019d6736-5f5b-7070-a73d-ec4dd8470787","turn_id":"019d6738-f82a-7171-b0dd-fa0ec8fa6405","item_id":"msg_016a204f9bb311f10169d4cb01cb0c8191a0f1e334dcfc53b9","delta":"."},"conversationId":"019d6736-5f5b-7070-a73d-ec4dd8470787"}}


STREAM DATA: data: {"method":"item/agentMessage/delta","params":{"threadId":"019d6736-5f5b-7070-a73d-ec4dd8470787","turnId":"019d6738-f82a-7171-b0dd-fa0ec8fa6405","itemId":"msg_016a204f9bb311f10169d4cb01cb0c8191a0f1e334dcfc53b9","delta":"."}}


STREAM DATA: data: {"method":"codex/event/agent_message_delta","params":{"id":"019d6738-f82a-7171-b0dd-fa0ec8fa6405","msg":{"type":"agent_message_delta","delta":"."},"conversationId":"019d6736-5f5b-7070-a73d-ec4dd8470787"}}


STREAM DATA: data: {"method":"codex/event/agent_message_content_delta","params":{"id":"019d6738-f82a-7171-b0dd-fa0ec8fa6405","msg":{"type":"agent_message_content_delta","thread_id":"019d6736-5f5b-7070-a73d-ec4dd8470787","turn_id":"019d6738-f82a-7171-b0dd-fa0ec8fa6405","item_id":"msg_016a204f9bb311f10169d4cb01cb0c8191a0f1e334dcfc53b9","delta":" What"},"conversationId":"019d6736-5f5b-7070-a73d-ec4dd8470787"}}


STREAM DATA: data: {"method":"item/agentMessage/delta","params":{"threadId":"019d6736-5f5b-7070-a73d-ec4dd8470787","turnId":"019d6738-f82a-7171-b0dd-fa0ec8fa6405","itemId":"msg_016a204f9bb311f10169d4cb01cb0c8191a0f1e334dcfc53b9","delta":" What"}}


STREAM DATA: data: {"method":"codex/event/agent_message_delta","params":{"id":"019d6738-f82a-7171-b0dd-fa0ec8fa6405","msg":{"type":"agent_message_delta","delta":" What"},"conversationId":"019d6736-5f5b-7070-a73d-ec4dd8470787"}}


STREAM DATA: data: {"method":"codex/event/agent_message_content_delta","params":{"id":"019d6738-f82a-7171-b0dd-fa0ec8fa6405","msg":{"type":"agent_message_content_delta","thread_id":"019d6736-5f5b-7070-a73d-ec4dd8470787","turn_id":"019d6738-f82a-7171-b0dd-fa0ec8fa6405","item_id":"msg_016a204f9bb311f10169d4cb01cb0c8191a0f1e334dcfc53b9","delta":" do"},"conversationId":"019d6736-5f5b-7070-a73d-ec4dd8470787"}}


STREAM DATA: data: {"method":"item/agentMessage/delta","params":{"threadId":"019d6736-5f5b-7070-a73d-ec4dd8470787","turnId":"019d6738-f82a-7171-b0dd-fa0ec8fa6405","itemId":"msg_016a204f9bb311f10169d4cb01cb0c8191a0f1e334dcfc53b9","delta":" do"}}


STREAM DATA: data: {"method":"codex/event/agent_message_delta","params":{"id":"019d6738-f82a-7171-b0dd-fa0ec8fa6405","msg":{"type":"agent_message_delta","delta":" do"},"conversationId":"019d6736-5f5b-7070-a73d-ec4dd8470787"}}


STREAM DATA: data: {"method":"codex/event/agent_message_content_delta","params":{"id":"019d6738-f82a-7171-b0dd-fa0ec8fa6405","msg":{"type":"agent_message_content_delta","thread_id":"019d6736-5f5b-7070-a73d-ec4dd8470787","turn_id":"019d6738-f82a-7171-b0dd-fa0ec8fa6405","item_id":"msg_016a204f9bb311f10169d4cb01cb0c8191a0f1e334dcfc53b9","delta":" you"},"conversationId":"019d6736-5f5b-7070-a73d-ec4dd8470787"}}


STREAM DATA: data: {"method":"item/agentMessage/delta","params":{"threadId":"019d6736-5f5b-7070-a73d-ec4dd8470787","turnId":"019d6738-f82a-7171-b0dd-fa0ec8fa6405","itemId":"msg_016a204f9bb311f10169d4cb01cb0c8191a0f1e334dcfc53b9","delta":" you"}}


STREAM DATA: data: {"method":"codex/event/agent_message_delta","params":{"id":"019d6738-f82a-7171-b0dd-fa0ec8fa6405","msg":{"type":"agent_message_delta","delta":" you"},"conversationId":"019d6736-5f5b-7070-a73d-ec4dd8470787"}}


STREAM DATA: data: {"method":"codex/event/agent_message_content_delta","params":{"id":"019d6738-f82a-7171-b0dd-fa0ec8fa6405","msg":{"type":"agent_message_content_delta","thread_id":"019d6736-5f5b-7070-a73d-ec4dd8470787","turn_id":"019d6738-f82a-7171-b0dd-fa0ec8fa6405","item_id":"msg_016a204f9bb311f10169d4cb01cb0c8191a0f1e334dcfc53b9","delta":" need"},"conversationId":"019d6736-5f5b-7070-a73d-ec4dd8470787"}}


STREAM DATA: data: {"method":"item/agentMessage/delta","params":{"threadId":"019d6736-5f5b-7070-a73d-ec4dd8470787","turnId":"019d6738-f82a-7171-b0dd-fa0ec8fa6405","itemId":"msg_016a204f9bb311f10169d4cb01cb0c8191a0f1e334dcfc53b9","delta":" need"}}


STREAM DATA: data: {"method":"codex/event/agent_message_delta","params":{"id":"019d6738-f82a-7171-b0dd-fa0ec8fa6405","msg":{"type":"agent_message_delta","delta":" need"},"conversationId":"019d6736-5f5b-7070-a73d-ec4dd8470787"}}


STREAM DATA: data: {"method":"codex/event/agent_message_content_delta","params":{"id":"019d6738-f82a-7171-b0dd-fa0ec8fa6405","msg":{"type":"agent_message_content_delta","thread_id":"019d6736-5f5b-7070-a73d-ec4dd8470787","turn_id":"019d6738-f82a-7171-b0dd-fa0ec8fa6405","item_id":"msg_016a204f9bb311f10169d4cb01cb0c8191a0f1e334dcfc53b9","delta":"?"},"conversationId":"019d6736-5f5b-7070-a73d-ec4dd8470787"}}


STREAM DATA: data: {"method":"item/agentMessage/delta","params":{"threadId":"019d6736-5f5b-7070-a73d-ec4dd8470787","turnId":"019d6738-f82a-7171-b0dd-fa0ec8fa6405","itemId":"msg_016a204f9bb311f10169d4cb01cb0c8191a0f1e334dcfc53b9","delta":"?"}}


STREAM DATA: data: {"method":"codex/event/agent_message_delta","params":{"id":"019d6738-f82a-7171-b0dd-fa0ec8fa6405","msg":{"type":"agent_message_delta","delta":"?"},"conversationId":"019d6736-5f5b-7070-a73d-ec4dd8470787"}}


STREAM DATA: data: {"method":"codex/event/item_completed","params":{"id":"019d6738-f82a-7171-b0dd-fa0ec8fa6405","msg":{"type":"item_completed","thread_id":"019d6736-5f5b-7070-a73d-ec4dd8470787","turn_id":"019d6738-f82a-7171-b0dd-fa0ec8fa6405","item":{"type":"AgentMessage","id":"msg_016a204f9bb311f10169d4cb01cb0c8191a0f1e334dcfc53b9","content":[{"type":"Text","text":"Hello. What do you need?"}],"phase":"final_answer"}},"conversationId":"019d6736-5f5b-7070-a73d-ec4dd8470787"}}


STREAM DATA: data: {"method":"item/completed","params":{"item":{"type":"agentMessage","id":"msg_016a204f9bb311f10169d4cb01cb0c8191a0f1e334dcfc53b9","text":"Hello. What do you need?","phase":"final_answer"},"threadId":"019d6736-5f5b-7070-a73d-ec4dd8470787","turnId":"019d6738-f82a-7171-b0dd-fa0ec8fa6405"}}


STREAM DATA: data: {"method":"codex/event/agent_message","params":{"id":"019d6738-f82a-7171-b0dd-fa0ec8fa6405","msg":{"type":"agent_message","message":"Hello. What do you need?","phase":"final_answer"},"conversationId":"019d6736-5f5b-7070-a73d-ec4dd8470787"}}


STREAM DATA: data: {"method":"codex/event/token_count","params":{"id":"019d6738-f82a-7171-b0dd-fa0ec8fa6405","msg":{"type":"token_count","info":{"total_token_usage":{"input_tokens":25667,"cached_input_tokens":16128,"output_tokens":112,"reasoning_output_tokens":71,"total_tokens":25779},"last_token_usage":{"input_tokens":12850,"cached_input_tokens":12672,"output_tokens":31,"reasoning_output_tokens":18,"total_tokens":12881},"model_context_window":258400},"rate_limits":{"limit_id":"codex","limit_name":null,"primary":{"used_percent":2,"window_minutes":300,"resets_at":1775569517},"secondary":{"used_percent":1,"window_minutes":10080,"resets_at":1776156317},"credits":null,"plan_type":"plus"}},"conversationId":"019d6736-5f5b-7070-a73d-ec4dd8470787"}}


STREAM DATA: data: {"method":"thread/tokenUsage/updated","params":{"threadId":"019d6736-5f5b-7070-a73d-ec4dd8470787","turnId":"019d6738-f82a-7171-b0dd-fa0ec8fa6405","tokenUsage":{"total":{"totalTokens":25779,"inputTokens":25667,"cachedInputTokens":16128,"outputTokens":112,"reasoningOutputTokens":71},"last":{"totalTokens":12881,"inputTokens":12850,"cachedInputTokens":12672,"outputTokens":31,"reasoningOutputTokens":18},"modelContextWindow":258400}}}


STREAM DATA: data: {"method":"account/rateLimits/updated","params":{"rateLimits":{"limitId":"codex","limitName":null,"primary":{"usedPercent":2,"windowDurationMins":300,"resetsAt":1775569517},"secondary":{"usedPercent":1,"windowDurationMins":10080,"resetsAt":1776156317},"credits":null,"planType":"plus"}}}


STREAM DATA: data: {"method":"codex/event/task_complete","params":{"id":"019d6738-f82a-7171-b0dd-fa0ec8fa6405","msg":{"type":"task_complete","turn_id":"019d6738-f82a-7171-b0dd-fa0ec8fa6405","last_agent_message":"Hello. What do you need?"},"conversationId":"019d6736-5f5b-7070-a73d-ec4dd8470787"}}


STREAM DATA: data: {"method":"thread/status/changed","params":{"threadId":"019d6736-5f5b-7070-a73d-ec4dd8470787","status":{"type":"idle"}}}


STREAM DATA: data: {"method":"turn/completed","params":{"threadId":"019d6736-5f5b-7070-a73d-ec4dd8470787","turn":{"id":"019d6738-f82a-7171-b0dd-fa0ec8fa6405","items":[],"status":"completed","error":null}}}


